com\uav\system\controller\AuthController.class
com\uav\system\config\LocalDateTimeTypeHandler.class
com\uav\system\service\api\UavService.class
com\uav\system\domain\enums\UavStatus.class
com\uav\system\service\api\AuthService.class
com\uav\system\common\Result.class
com\uav\system\config\shiro\ShiroRealm$1.class
com\uav\system\service\impl\AiUavAttributeServiceImpl.class
com\uav\system\exception\GlobalExceptionHandler.class
com\uav\system\interceptor\LoggingInterceptor.class
com\uav\system\domain\entity\User.class
com\uav\system\service\api\AiUavAttributeService.class
com\uav\system\exception\DuplicateSerialNumberException.class
com\uav\system\config\CorsConfig.class
com\uav\system\Application.class
com\uav\system\controller\PageController.class
com\uav\system\domain\dto\UavDTO.class
com\uav\system\config\MyBatisConfig.class
com\uav\system\config\LocalDateTypeHandler.class
com\uav\system\config\shiro\ShiroRealm.class
com\uav\system\exception\BusinessException.class
com\uav\system\repository\mapper\UavMapper.class
com\uav\system\domain\dto\UavQueryDTO.class
com\uav\system\config\shiro\ShiroConfig.class
com\uav\system\controller\UavController.class
com\uav\system\domain\vo\PageResult.class
com\uav\system\domain\vo\LoginResponse.class
com\uav\system\exception\ResourceNotFoundException.class
com\uav\system\repository\mapper\UserMapper.class
com\uav\system\config\WebMvcConfig.class
com\uav\system\domain\entity\Uav.class
com\uav\system\service\impl\AuthServiceImpl.class
com\uav\system\config\DataSourceInitializerConfig.class
com\uav\system\service\impl\UavServiceImpl.class
