D:\tho1\src\main\java\com\uav\system\exception\package-info.java
D:\tho1\src\main\java\com\uav\system\config\shiro\ShiroConfig.java
D:\tho1\src\main\java\com\uav\system\config\LocalDateTimeTypeHandler.java
D:\tho1\src\main\java\com\uav\system\domain\vo\package-info.java
D:\tho1\src\main\java\com\uav\system\config\LocalDateTypeHandler.java
D:\tho1\src\main\java\com\uav\system\domain\dto\UavDTO.java
D:\tho1\src\main\java\com\uav\system\domain\entity\User.java
D:\tho1\src\main\java\com\uav\system\service\impl\AuthServiceImpl.java
D:\tho1\src\main\java\com\uav\system\domain\vo\PageResult.java
D:\tho1\src\main\java\com\uav\system\repository\mapper\UserMapper.java
D:\tho1\src\main\java\com\uav\system\util\package-info.java
D:\tho1\src\main\java\com\uav\system\domain\entity\package-info.java
D:\tho1\src\main\java\com\uav\system\config\shiro\ShiroRealm.java
D:\tho1\src\main\java\com\uav\system\config\WebMvcConfig.java
D:\tho1\src\main\java\com\uav\system\controller\AuthController.java
D:\tho1\src\main\java\com\uav\system\controller\package-info.java
D:\tho1\src\main\java\com\uav\system\common\Result.java
D:\tho1\src\main\java\com\uav\system\interceptor\LoggingInterceptor.java
D:\tho1\src\main\java\com\uav\system\controller\PageController.java
D:\tho1\src\main\java\com\uav\system\exception\BusinessException.java
D:\tho1\src\main\java\com\uav\system\service\impl\UavServiceImpl.java
D:\tho1\src\main\java\com\uav\system\config\CorsConfig.java
D:\tho1\src\main\java\com\uav\system\domain\dto\package-info.java
D:\tho1\src\main\java\com\uav\system\config\MyBatisConfig.java
D:\tho1\src\main\java\com\uav\system\service\api\AiUavAttributeService.java
D:\tho1\src\main\java\com\uav\system\service\api\UavService.java
D:\tho1\src\main\java\com\uav\system\config\DataSourceInitializerConfig.java
D:\tho1\src\main\java\com\uav\system\domain\dto\UavQueryDTO.java
D:\tho1\src\main\java\com\uav\system\domain\vo\LoginResponse.java
D:\tho1\src\main\java\com\uav\system\service\api\AuthService.java
D:\tho1\src\main\java\com\uav\system\domain\entity\Uav.java
D:\tho1\src\main\java\com\uav\system\exception\GlobalExceptionHandler.java
D:\tho1\src\main\java\com\uav\system\exception\ResourceNotFoundException.java
D:\tho1\src\main\java\com\uav\system\exception\DuplicateSerialNumberException.java
D:\tho1\src\main\java\com\uav\system\service\impl\AiUavAttributeServiceImpl.java
D:\tho1\src\main\java\com\uav\system\domain\enums\package-info.java
D:\tho1\src\main\java\com\uav\system\interceptor\package-info.java
D:\tho1\src\main\java\com\uav\system\config\package-info.java
D:\tho1\src\main\java\com\uav\system\repository\mapper\UavMapper.java
D:\tho1\src\main\java\com\uav\system\Application.java
D:\tho1\src\main\java\com\uav\system\common\package-info.java
D:\tho1\src\main\java\com\uav\system\domain\enums\UavStatus.java
D:\tho1\src\main\java\com\uav\system\controller\UavController.java
D:\tho1\src\main\java\com\uav\system\repository\mapper\package-info.java
D:\tho1\src\main\java\com\uav\system\service\api\package-info.java
D:\tho1\src\main\java\com\uav\system\service\impl\package-info.java
